original: Interpolate a json file through a Handlebars template file to stdout.
Capitalize: Interpolate a json file through a handlebars template file to stdout.
CamelCase: InterpolateAJsonFileThroughAHandlebarsTemplateFileToStdout
camelCase: interpolateAJsonFileThroughAHandlebarsTemplateFileToStdout
snake_case: interpolate_a_json_file_through_a_handlebars_template_file_to_stdout
lowercase: interpolate a json file through a handlebars template file to stdout
UPPERCASE: INTERPOLATE A JSON FILE THROUGH A HANDLEBARS TEMPLATE FILE TO STDOUT.
lowerFirst: interpolate a json file through a Handlebars template file to stdout.
UpperFirst: Interpolate a json file through a Handlebars template file to stdout.
kebab-case: interpolate-a-json-file-through-a-handlebars-template-file-to-stdout
